../Core/Src/app.c:352:17:App_EnterCritical	16	static,ignoring_inline_asm
../Core/Src/app.c:359:13:App_ExitCritical	16	static,ignoring_inline_asm
../Core/Src/app.c:366:14:ClampFloat	24	static
../Core/Src/app.c:378:13:PIDF_RecalcD	24	static
../Core/Src/app.c:393:13:PIDF_Reset	16	static
../Core/Src/app.c:400:13:PIDF_Init	48	static
../Core/Src/app.c:417:13:PIDF_SetTuning	32	static
../Core/Src/app.c:429:14:PIDF_Step	56	static
../Core/Src/app.c:471:13:Motor_Init	56	static
../Core/Src/app.c:516:13:Motor_RecordBoundary	24	static
../Core/Src/app.c:523:16:Motor_CountDifference	24	static
../Core/Src/app.c:535:13:Motor_UpdateRPM_MT	48	static
../Core/Src/app.c:594:13:Motor_ApplyOutput	32	static
../Core/Src/app.c:648:13:Motor_ApplyDutyNormalized	24	static
../Core/Src/app.c:655:13:Motor_StopOutput	16	static
../Core/Src/app.c:660:13:Motor_ResetAllPID	8	static
../Core/Src/app.c:670:13:DWT_TimebaseInit	8	static
../Core/Src/app.c:681:13:App_EstopIsActive	16	static
../Core/Src/app.c:692:13:App_SetDriverEnable	24	static
../Core/Src/app.c:701:13:App_SafetyService	16	static
../Core/Src/app.c:733:16:CRC8	24	static
../Core/Src/app.c:752:17:ReadU16LE	16	static
../Core/Src/app.c:758:13:WriteU16LE	16	static
../Core/Src/app.c:764:14:ReadFloatLE	24	static
../Core/Src/app.c:777:13:WriteFloatLE	24	static
../Core/Src/app.c:788:16:ExpectedRxLengthForType	16	static
../Core/Src/app.c:816:13:UART_ResetParser	4	static
../Core/Src/app.c:823:13:UART_ProcessByte	16	static
../Core/Src/app.c:887:17:MotorFromPIDSetType	16	static
../Core/Src/app.c:916:13:UART_ProcessFrame	120	static
../Core/Src/app.c:1046:13:UART_StartReceiveToIdleDMA	8	static
../Core/Src/app.c:1060:13:UART_QueueFrame	24	static
../Core/Src/app.c:1082:13:UART_QueuePIDecho	40	static
../Core/Src/app.c:1101:13:UART_QueueNormalRPM	40	static
../Core/Src/app.c:1125:13:UART_QueueTuningRPM	48	static
../Core/Src/app.c:1146:13:UART_ServiceTx	16	static
../Core/Src/app.c:1177:6:App_EncoderEdgeIRQ	24	static
../Core/Src/app.c:1203:13:CV_EncoderUpdate	16	static
../Core/Src/app.c:1239:13:Tuning_ZeroActuation	16	static
../Core/Src/app.c:1260:13:Tuning_ReturnToNormal	8	static
../Core/Src/app.c:1275:13:Tuning_ApplyPendingAtTick	56	static
../Core/Src/app.c:1318:13:Tuning_RunCurrentMode	32	static
../Core/Src/app.c:1344:13:App_ControlUpdate	32	static
../Core/Src/app.c:1433:6:App_Init	48	static
../Core/Src/app.c:1608:6:App_Task	8	static
../Core/Src/app.c:1618:6:HAL_TIM_PeriodElapsedCallback	16	static
../Core/Src/app.c:1625:6:HAL_GPIO_EXTI_Callback	16	static
../Core/Src/app.c:1636:6:HAL_UARTEx_RxEventCallback	24	static
../Core/Src/app.c:1649:6:HAL_UART_TxCpltCallback	16	static
../Core/Src/app.c:1656:6:HAL_UART_ErrorCallback	16	static
