../Core/Src/main.c:86:5:main	1
../Core/Src/main.c:141:6:SystemClock_Config	3
../Core/Src/main.c:187:13:MX_TIM1_Init	3
../Core/Src/main.c:237:13:MX_TIM2_Init	3
../Core/Src/main.c:286:13:MX_TIM3_Init	7
../Core/Src/main.c:347:13:MX_TIM4_Init	3
../Core/Src/main.c:396:13:MX_TIM5_Init	3
../Core/Src/main.c:445:13:MX_TIM9_Init	4
../Core/Src/main.c:491:13:MX_TIM10_Init	2
../Core/Src/main.c:522:13:MX_TIM11_Init	4
../Core/Src/main.c:568:13:MX_USART6_UART_Init	2
../Core/Src/main.c:599:13:MX_DMA_Init	1
../Core/Src/main.c:620:13:MX_GPIO_Init	1
../Core/Src/main.c:698:6:Error_Handler	1
