../Core/Src/stm32f4xx_it.c:77:6:NMI_Handler	4	static
../Core/Src/stm32f4xx_it.c:92:6:HardFault_Handler	4	static
../Core/Src/stm32f4xx_it.c:107:6:MemManage_Handler	4	static
../Core/Src/stm32f4xx_it.c:122:6:BusFault_Handler	4	static
../Core/Src/stm32f4xx_it.c:137:6:UsageFault_Handler	4	static
../Core/Src/stm32f4xx_it.c:152:6:SVC_Handler	4	static
../Core/Src/stm32f4xx_it.c:165:6:DebugMon_Handler	4	static
../Core/Src/stm32f4xx_it.c:178:6:PendSV_Handler	4	static
../Core/Src/stm32f4xx_it.c:191:6:SysTick_Handler	8	static
../Core/Src/stm32f4xx_it.c:212:6:EXTI9_5_IRQHandler	8	static
../Core/Src/stm32f4xx_it.c:226:6:TIM1_UP_TIM10_IRQHandler	8	static
../Core/Src/stm32f4xx_it.c:241:6:TIM1_CC_IRQHandler	8	static
../Core/Src/stm32f4xx_it.c:255:6:TIM2_IRQHandler	8	static
../Core/Src/stm32f4xx_it.c:269:6:TIM4_IRQHandler	8	static
../Core/Src/stm32f4xx_it.c:283:6:EXTI15_10_IRQHandler	8	static
../Core/Src/stm32f4xx_it.c:297:6:TIM5_IRQHandler	8	static
../Core/Src/stm32f4xx_it.c:311:6:DMA2_Stream1_IRQHandler	8	static
../Core/Src/stm32f4xx_it.c:325:6:DMA2_Stream6_IRQHandler	8	static
../Core/Src/stm32f4xx_it.c:339:6:USART6_IRQHandler	8	static
